// Jest Snapshot v1, https://goo.gl/fbAQLP

exports[`removeImportsExportsPlugin imports are removed 1`] = `
"class C extends Component {}
"
`;
