// Jest Snapshot v1, https://goo.gl/fbAQLP

exports[`lib/indexeddb.js globals IDBCursor generated - interface 1`] = `
"class A1 extends IDBCursor {}
"
`;

exports[`lib/indexeddb.js globals IDBCursor generated - type 1`] = `""`;

exports[`lib/indexeddb.js globals IDBCursorWithValue generated - interface 1`] = `
"class A1 extends IDBCursorWithValue {}
"
`;

exports[`lib/indexeddb.js globals IDBCursorWithValue generated - type 1`] = `""`;

exports[`lib/indexeddb.js globals IDBDatabase generated - interface 1`] = `
"class A1 extends IDBDatabase {}
"
`;

exports[`lib/indexeddb.js globals IDBDatabase generated - type 1`] = `""`;

exports[`lib/indexeddb.js globals IDBEnvironment generated - interface 1`] = `
"class A1 extends IDBEnvironment {}
"
`;

exports[`lib/indexeddb.js globals IDBEnvironment generated - type 1`] = `""`;

exports[`lib/indexeddb.js globals IDBFactory generated - interface 1`] = `
"class A1 extends IDBFactory {}
"
`;

exports[`lib/indexeddb.js globals IDBFactory generated - type 1`] = `""`;

exports[`lib/indexeddb.js globals IDBIndex generated - interface 1`] = `
"class A1 extends IDBIndex {}
"
`;

exports[`lib/indexeddb.js globals IDBIndex generated - type 1`] = `""`;

exports[`lib/indexeddb.js globals IDBKeyRange generated - interface 1`] = `
"class A1 extends IDBKeyRange {}
"
`;

exports[`lib/indexeddb.js globals IDBKeyRange generated - type 1`] = `""`;

exports[`lib/indexeddb.js globals IDBObjectStore generated - interface 1`] = `
"class A1 extends IDBObjectStore {}
"
`;

exports[`lib/indexeddb.js globals IDBObjectStore generated - type 1`] = `""`;

exports[`lib/indexeddb.js globals IDBOpenDBRequest generated - interface 1`] = `
"class A1 extends IDBOpenDBRequest {}
"
`;

exports[`lib/indexeddb.js globals IDBOpenDBRequest generated - type 1`] = `""`;

exports[`lib/indexeddb.js globals IDBRequest generated - interface 1`] = `
"class A1 extends IDBRequest {}
"
`;

exports[`lib/indexeddb.js globals IDBRequest generated - type 1`] = `""`;

exports[`lib/indexeddb.js globals IDBTransaction generated - interface 1`] = `
"class A1 extends IDBTransaction {}
"
`;

exports[`lib/indexeddb.js globals IDBTransaction generated - type 1`] = `""`;
